br/com/snowman/model/User.class
br/com/snowman/util/MainUtil.class
br/com/snowman/Main.class
br/com/snowman/service/FavorityService.class
br/com/snowman/domain/UserDetails.class
br/com/snowman/service/TouristSpotPictureService.class
br/com/snowman/domain/AccessTokenData.class
br/com/snowman/controller/TouristSpotController.class
br/com/snowman/service/UserService.class
br/com/snowman/service/impl/CategoryServiceImpl.class
br/com/snowman/domain/PathMethod.class
br/com/snowman/service/impl/TouristSpotPictureImpl.class
br/com/snowman/controller/TouristSpotDetails.class
br/com/snowman/controller/CategoryController.class
br/com/snowman/domain/Role.class
br/com/snowman/service/CategoryService.class
br/com/snowman/service/impl/HomeServiceImpl.class
br/com/snowman/domain/UserAccessToken.class
br/com/snowman/service/HomeService.class
br/com/snowman/repository/UserRepository.class
br/com/snowman/repository/TouristSpotPictureRepository.class
br/com/snowman/repository/FavorityRepository.class
br/com/snowman/repository/TouristSpotRepository.class
br/com/snowman/service/impl/UserServiceImpl.class
br/com/snowman/controller/HomeController.class
br/com/snowman/repository/CategoryRepository.class
br/com/snowman/domain/AccessToken.class
br/com/snowman/service/UpvoteService.class
br/com/snowman/model/TouristSpot.class
br/com/snowman/service/TouristSpotService.class
br/com/snowman/domain/Data.class
br/com/snowman/service/impl/TouristSpotImpl.class
br/com/snowman/service/impl/FavorityServiceImpl.class
br/com/snowman/model/Favority.class
br/com/snowman/model/Upvote.class
br/com/snowman/model/TouristSpotPicture.class
br/com/snowman/model/Category.class
br/com/snowman/service/impl/UpvoteServiceImpl.class
br/com/snowman/repository/UpvoteRepository.class
