/home/luiz/Música/demo/src/main/java/br/com/snowman/controller/TouristSpotDetails.java
/home/luiz/Música/demo/src/main/java/br/com/snowman/service/UserService.java
/home/luiz/Música/demo/src/main/java/br/com/snowman/repository/UserRepository.java
/home/luiz/Música/demo/src/main/java/br/com/snowman/service/TouristSpotService.java
/home/luiz/Música/demo/src/main/java/br/com/snowman/service/impl/TouristSpotImpl.java
/home/luiz/Música/demo/src/main/java/br/com/snowman/domain/UserDetails.java
/home/luiz/Música/demo/src/main/java/br/com/snowman/repository/TouristSpotPictureRepository.java
/home/luiz/Música/demo/src/main/java/br/com/snowman/service/impl/UpvoteServiceImpl.java
/home/luiz/Música/demo/src/main/java/br/com/snowman/domain/Role.java
/home/luiz/Música/demo/src/main/java/br/com/snowman/util/MainUtil.java
/home/luiz/Música/demo/src/main/java/br/com/snowman/service/UpvoteService.java
/home/luiz/Música/demo/src/main/java/br/com/snowman/service/impl/FavorityServiceImpl.java
/home/luiz/Música/demo/src/main/java/br/com/snowman/service/impl/UserServiceImpl.java
/home/luiz/Música/demo/src/main/java/br/com/snowman/domain/AccessTokenData.java
/home/luiz/Música/demo/src/main/java/br/com/snowman/service/CategoryService.java
/home/luiz/Música/demo/src/main/java/br/com/snowman/model/Upvote.java
/home/luiz/Música/demo/src/main/java/br/com/snowman/domain/Data.java
/home/luiz/Música/demo/src/main/java/br/com/snowman/repository/TouristSpotRepository.java
/home/luiz/Música/demo/src/main/java/br/com/snowman/repository/CategoryRepository.java
/home/luiz/Música/demo/src/main/java/br/com/snowman/service/HomeService.java
/home/luiz/Música/demo/src/main/java/br/com/snowman/domain/AccessToken.java
/home/luiz/Música/demo/src/main/java/br/com/snowman/model/Favority.java
/home/luiz/Música/demo/src/main/java/br/com/snowman/service/impl/CategoryServiceImpl.java
/home/luiz/Música/demo/src/main/java/br/com/snowman/model/TouristSpotPicture.java
/home/luiz/Música/demo/src/main/java/br/com/snowman/domain/UserAccessToken.java
/home/luiz/Música/demo/src/main/java/br/com/snowman/service/impl/TouristSpotPictureImpl.java
/home/luiz/Música/demo/src/main/java/br/com/snowman/repository/FavorityRepository.java
/home/luiz/Música/demo/src/main/java/br/com/snowman/Main.java
/home/luiz/Música/demo/src/main/java/br/com/snowman/controller/CategoryController.java
/home/luiz/Música/demo/src/main/java/br/com/snowman/model/User.java
/home/luiz/Música/demo/src/main/java/br/com/snowman/service/FavorityService.java
/home/luiz/Música/demo/src/main/java/br/com/snowman/repository/UpvoteRepository.java
/home/luiz/Música/demo/src/main/java/br/com/snowman/service/impl/HomeServiceImpl.java
/home/luiz/Música/demo/src/main/java/br/com/snowman/controller/TouristSpotController.java
/home/luiz/Música/demo/src/main/java/br/com/snowman/domain/PathMethod.java
/home/luiz/Música/demo/src/main/java/br/com/snowman/model/TouristSpot.java
/home/luiz/Música/demo/src/main/java/br/com/snowman/controller/HomeController.java
/home/luiz/Música/demo/src/main/java/br/com/snowman/service/TouristSpotPictureService.java
/home/luiz/Música/demo/src/main/java/br/com/snowman/model/Category.java
